// Jest Snapshot v1, https://goo.gl/fbAQLP

exports[`components/preparing-workspace/invite_members_link should match snapshot 1`] = `
<div>
  <div
    class="InviteMembersLink"
  >
    <button
      class="InviteMembersLink__button--single"
      data-testid="shareLinkInputButton"
    >
      <i
        class="icon icon-content-copy"
      />
      <span>
        Copy Link
      </span>
    </button>
  </div>
</div>
`;
